../Core/Src/main.c:83:6:select_mux_channel	16	static
../Core/Src/main.c:93:20:wait_us_approx	24	static,ignoring_inline_asm
../Core/Src/main.c:99:17:adc_read_once	16	static
../Core/Src/main.c:106:17:median5_u16	32	static
../Core/Src/main.c:117:17:read_adc_by_index	40	static
../Core/Src/main.c:145:15:temp_to_i8	16	static
../Core/Src/main.c:156:14:voltage_to_temperature	48	static
../Core/Src/main.c:189:6:send_address_claim	56	static
../Core/Src/main.c:207:6:send_thermistor_summary	80	static
../Core/Src/main.c:238:6:send_all_temps_to_esp	64	static
../Core/Src/main.c:265:5:main	168	static
../Core/Src/main.c:361:6:SystemClock_Config	88	static
../Core/Src/main.c:395:13:MX_ADC1_Init	56	static
../Core/Src/main.c:440:13:MX_ADC2_Init	40	static
../Core/Src/main.c:478:13:MX_ADC3_Init	56	static
../Core/Src/main.c:522:13:MX_ADC4_Init	40	static
../Core/Src/main.c:560:13:MX_ADC5_Init	40	static
../Core/Src/main.c:598:13:MX_FDCAN1_Init	8	static
../Core/Src/main.c:622:13:MX_GPIO_Init	48	static
../Core/Src/main.c:641:6:Error_Handler	4	static,ignoring_inline_asm
